// Jest Snapshot v1, https://goo.gl/fbAQLP

exports[`AgentAuth should render correctly in "debug" mode 1`] = `
<div>
  <h1>
    hi
  </h1>
</div>
`;
